Archive member included because of file (symbol)

C:\Users\alex1104\Desktop\SEIS742\Project\workspace\CMSISv1p30_LPC17xx\Debug\libCMSISv1p30_LPC17xx.a(system_LPC17xx.o)
                              ./uart.o (SystemCoreClock)
C:\Users\alex1104\Desktop\SEIS742\Project\workspace\FreeRTOS_Library\Debug\libFreeRTOS_Library.a(queue.o)
                              ./main.o (xQueueGenericReceive)
C:\Users\alex1104\Desktop\SEIS742\Project\workspace\FreeRTOS_Library\Debug\libFreeRTOS_Library.a(tasks.o)
                              C:\Users\alex1104\Desktop\SEIS742\Project\workspace\FreeRTOS_Library\Debug\libFreeRTOS_Library.a(queue.o) (vTaskSuspendAll)
C:\Users\alex1104\Desktop\SEIS742\Project\workspace\FreeRTOS_Library\Debug\libFreeRTOS_Library.a(heap_2.o)
                              C:\Users\alex1104\Desktop\SEIS742\Project\workspace\FreeRTOS_Library\Debug\libFreeRTOS_Library.a(queue.o) (pvPortMalloc)
C:\Users\alex1104\Desktop\SEIS742\Project\workspace\FreeRTOS_Library\Debug\libFreeRTOS_Library.a(port.o)
                              C:\Users\alex1104\Desktop\SEIS742\Project\workspace\FreeRTOS_Library\Debug\libFreeRTOS_Library.a(tasks.o) (pxPortInitialiseStack)
C:\Users\alex1104\Desktop\SEIS742\Project\workspace\FreeRTOS_Library\Debug\libFreeRTOS_Library.a(list.o)
                              C:\Users\alex1104\Desktop\SEIS742\Project\workspace\FreeRTOS_Library\Debug\libFreeRTOS_Library.a(queue.o) (vListInitialise)
c:/nxp/lpcxpresso_4.1.5_219/lpcxpresso/tools/bin/../lib/gcc/arm-none-eabi/4.5.1/../../../../arm-none-eabi/lib/thumb2\libcr_semihost.a(_cr__main.o)
                              ./cr_startup_lpc17.o (__main)
c:/nxp/lpcxpresso_4.1.5_219/lpcxpresso/tools/bin/../lib/gcc/arm-none-eabi/4.5.1/../../../../arm-none-eabi/lib/thumb2\libcr_c.a(alloc.o)
                              ./circular_buffer.o (malloc)
c:/nxp/lpcxpresso_4.1.5_219/lpcxpresso/tools/bin/../lib/gcc/arm-none-eabi/4.5.1/../../../../arm-none-eabi/lib/thumb2\libcr_c.a(fpprintf.o)
                              ./nmea.o (sprintf)
c:/nxp/lpcxpresso_4.1.5_219/lpcxpresso/tools/bin/../lib/gcc/arm-none-eabi/4.5.1/../../../../arm-none-eabi/lib/thumb2\libcr_c.a(initio.o)
                              c:/nxp/lpcxpresso_4.1.5_219/lpcxpresso/tools/bin/../lib/gcc/arm-none-eabi/4.5.1/../../../../arm-none-eabi/lib/thumb2\libcr_semihost.a(_cr__main.o) (_initio)
c:/nxp/lpcxpresso_4.1.5_219/lpcxpresso/tools/bin/../lib/gcc/arm-none-eabi/4.5.1/../../../../arm-none-eabi/lib/thumb2\libcr_c.a(memcmp.o)
                              C:\Users\alex1104\Desktop\SEIS742\Project\workspace\FreeRTOS_Library\Debug\libFreeRTOS_Library.a(tasks.o) (memcmp)
c:/nxp/lpcxpresso_4.1.5_219/lpcxpresso/tools/bin/../lib/gcc/arm-none-eabi/4.5.1/../../../../arm-none-eabi/lib/thumb2\libcr_c.a(printf.o)
                              c:/nxp/lpcxpresso_4.1.5_219/lpcxpresso/tools/bin/../lib/gcc/arm-none-eabi/4.5.1/../../../../arm-none-eabi/lib/thumb2\libcr_c.a(fpprintf.o) (__vfprintf)
c:/nxp/lpcxpresso_4.1.5_219/lpcxpresso/tools/bin/../lib/gcc/arm-none-eabi/4.5.1/../../../../arm-none-eabi/lib/thumb2\libcr_c.a(scanf.o)
                              ./nmea.o (atof)
c:/nxp/lpcxpresso_4.1.5_219/lpcxpresso/tools/bin/../lib/gcc/arm-none-eabi/4.5.1/../../../../arm-none-eabi/lib/thumb2\libcr_c.a(setvbuf.o)
                              c:/nxp/lpcxpresso_4.1.5_219/lpcxpresso/tools/bin/../lib/gcc/arm-none-eabi/4.5.1/../../../../arm-none-eabi/lib/thumb2\libcr_c.a(initio.o) (setvbuf)
c:/nxp/lpcxpresso_4.1.5_219/lpcxpresso/tools/bin/../lib/gcc/arm-none-eabi/4.5.1/../../../../arm-none-eabi/lib/thumb2\libcr_c.a(stdio.o)
                              c:/nxp/lpcxpresso_4.1.5_219/lpcxpresso/tools/bin/../lib/gcc/arm-none-eabi/4.5.1/../../../../arm-none-eabi/lib/thumb2\libcr_c.a(fpprintf.o) (__Ciob)
c:/nxp/lpcxpresso_4.1.5_219/lpcxpresso/tools/bin/../lib/gcc/arm-none-eabi/4.5.1/../../../../arm-none-eabi/lib/thumb2\libcr_c.a(strlen.o)
                              ./mtk_nmea.o (strlen)
c:/nxp/lpcxpresso_4.1.5_219/lpcxpresso/tools/bin/../lib/gcc/arm-none-eabi/4.5.1/../../../../arm-none-eabi/lib/thumb2\libcr_c.a(strncmp.o)
                              ./main.o (strncmp)
c:/nxp/lpcxpresso_4.1.5_219/lpcxpresso/tools/bin/../lib/gcc/arm-none-eabi/4.5.1/../../../../arm-none-eabi/lib/thumb2\libcr_c.a(strncpy.o)
                              ./nmea.o (strncpy)
c:/nxp/lpcxpresso_4.1.5_219/lpcxpresso/tools/bin/../lib/gcc/arm-none-eabi/4.5.1/../../../../arm-none-eabi/lib/thumb2\libcr_c.a(strtok.o)
                              ./nmea.o (strtok)
c:/nxp/lpcxpresso_4.1.5_219/lpcxpresso/tools/bin/../lib/gcc/arm-none-eabi/4.5.1/../../../../arm-none-eabi/lib/thumb2\libcr_c.a(ungetc.o)
                              c:/nxp/lpcxpresso_4.1.5_219/lpcxpresso/tools/bin/../lib/gcc/arm-none-eabi/4.5.1/../../../../arm-none-eabi/lib/thumb2\libcr_c.a(scanf.o) (ungetc)
c:/nxp/lpcxpresso_4.1.5_219/lpcxpresso/tools/bin/../lib/gcc/arm-none-eabi/4.5.1/../../../../arm-none-eabi/lib/thumb2\libcr_c.a(memcpy.o)
[...]
Memory Configuration

Name             Origin             Length             Attributes
MFlash512        0x00000000         0x00080000         xr
RamLoc32         0x10000000         0x00008000         xrw
RamAHB32         0x2007c000         0x00008000         xrw
*default*        0x00000000         0xffffffff

Linker script and memory map

LOAD ./circular_buffer.o
LOAD ./cr_startup_lpc17.o
LOAD ./main.o
LOAD ./mtk_nmea.o
LOAD ./nmea.o
LOAD ./uart.o
LOAD C:\Users\alex1104\Desktop\SEIS742\Project\workspace\CMSISv1p30_LPC17xx\Debug\libCMSISv1p30_LPC17xx.a
LOAD C:\Users\alex1104\Desktop\SEIS742\Project\workspace\FreeRTOS_Library\Debug\libFreeRTOS_Library.a
START GROUP
LOAD c:/nxp/lpcxpresso_4.1.5_219/lpcxpresso/tools/bin/../lib/gcc/arm-none-eabi/4.5.1/../../../../arm-none-eabi/lib/thumb2\libcr_semihost.a
LOAD c:/nxp/lpcxpresso_4.1.5_219/lpcxpresso/tools/bin/../lib/gcc/arm-none-eabi/4.5.1/../../../../arm-none-eabi/lib/thumb2\libcr_c.a
LOAD c:/nxp/lpcxpresso_4.1.5_219/lpcxpresso/tools/bin/../lib/gcc/arm-none-eabi/4.5.1/thumb2\libcr_eabihelpers.a
END GROUP
                0x00080000                __top_MFlash512 = 0x80000
                0x10008000                __top_RamLoc32 = 0x10008000
                0x20084000                __top_RamAHB32 = 0x20084000

.text           0x00000000     0x7900
 FILL mask 0xff
 *(.isr_vector)
 .isr_vector    0x00000000       0xcc ./cr_startup_lpc17.o
                0x00000000                g_pfnVectors
                0x000000cc                . = ALIGN (0x4)
                0x000000cc                __section_table_start = .
                0x000000cc                __data_section_table = .
                0x000000cc        0x4 LONG 0x7900 LOADADDR (.data)
                0x000000d0        0x4 LONG 0x10000000 ADDR (.data)
                0x000000d4        0x4 LONG 0x1c SIZEOF (.data)
                0x000000d8        0x4 LONG 0x7900 LOADADDR (.data_RAM2)
                0x000000dc        0x4 LONG 0x2007c000 ADDR (.data_RAM2)
                0x000000e0        0x4 LONG 0x0 SIZEOF (.data_RAM2)
                0x000000e4                __data_section_table_end = .
                0x000000e4                __bss_section_table = .
                0x000000e4        0x4 LONG 0x10000020 ADDR (.bss)
                0x000000e8        0x4 LONG 0x2ecc SIZEOF (.bss)
                0x000000ec        0x4 LONG 0x2007c000 ADDR (.bss_RAM2)
                0x000000f0        0x4 LONG 0x0 SIZEOF (.bss_RAM2)
                0x000000f4                __bss_section_table_end = .
                0x000000f4                __section_table_end = .
 *(.after_vectors*)
 *(.text*)
 .text.circ_buff_insert
                0x000000f4       0x6c ./circular_buffer.o
                0x000000f4                circ_buff_insert
 .text.circ_buff_read_next
                0x00000160       0x70 ./circular_buffer.o
                0x00000160                circ_buff_read_next
 .text.ResetISR
                0x000001d0       0x68 ./cr_startup_lpc17.o
                0x000001d0                ResetISR
 .text.NMI_Handler
                0x00000238        0x8 ./cr_startup_lpc17.o
                0x00000238                NMI_Handler
 .text.HardFault_Handler
                0x00000240        0x8 ./cr_startup_lpc17.o
                0x00000240                HardFault_Handler
 .text.MemManage_Handler
                0x00000248        0x8 ./cr_startup_lpc17.o
                0x00000248                MemManage_Handler
 .text.BusFault_Handler
                0x00000250        0x8 ./cr_startup_lpc17.o
                0x00000250                BusFault_Handler
 .text.UsageFault_Handler
                0x00000258        0x8 ./cr_startup_lpc17.o
                0x00000258                UsageFault_Handler
 .text.DebugMon_Handler
                0x00000260        0x8 ./cr_startup_lpc17.o
                0x00000260                DebugMon_Handler
 .text.IntDefaultHandler
                0x00000268        0x8 ./cr_startup_lpc17.o
                0x00000268                TIMER2_IRQHandler
                0x00000268                RIT_IRQHandler
                0x00000268                I2C0_IRQHandler
                0x00000268                USBActivity_IRQHandler
                0x00000268                PWM1_IRQHandler
                0x00000268                I2C1_IRQHandler
                0x00000268                EINT2_IRQHandler
                0x00000268                EINT3_IRQHandler
                0x00000268                CANActivity_IRQHandler
                0x00000268                TIMER3_IRQHandler
                0x00000268                IntDefaultHandler
                0x00000268                PLL0_IRQHandler
                0x00000268                CAN_IRQHandler
                0x00000268                PLL1_IRQHandler
                0x00000268                SSP0_IRQHandler
                0x00000268                I2S_IRQHandler
                0x00000268                I2C2_IRQHandler
                0x00000268                RTC_IRQHandler
                0x00000268                TIMER0_IRQHandler
                0x00000268                SPI_IRQHandler
                0x00000268                EINT1_IRQHandler
                0x00000268                TIMER1_IRQHandler
                0x00000268                UART2_IRQHandler
                0x00000268                ADC_IRQHandler
                0x00000268                SSP1_IRQHandler
                0x00000268                USB_IRQHandler
                0x00000268                BOD_IRQHandler
                0x00000268                WDT_IRQHandler
                0x00000268                QEI_IRQHandler
                0x00000268                EINT0_IRQHandler
                0x00000268                DMA_IRQHandler
                0x00000268                UART3_IRQHandler
                0x00000268                MCPWM_IRQHandler
                0x00000268                ENET_IRQHandler
 .text.main     0x00000270      0x250 ./main.o
                0x00000270                main
 .text.vApplicationMallocFailedHook
                0x000004c0        0x8 ./main.o
                0x000004c0                vApplicationMallocFailedHook
 .text.vApplicationStackOverflowHook
                0x000004c8        0xc ./main.o
                0x000004c8                vApplicationStackOverflowHook
 .text.vApplicationIdleHook
                0x000004d4        0xc ./main.o
                0x000004d4                vApplicationIdleHook
 .text.vApplicationTickHook
                0x000004e0        0xc ./main.o
                0x000004e0                vApplicationTickHook
 .text.parse_name
                0x000004ec      0x1ec ./main.o
                0x000004ec                parse_name
 .text.print_field
                0x000006d8       0x44 ./main.o
                0x000006d8                print_field
 .text.print_gga
                0x0000071c      0x1bc ./main.o
                0x0000071c                print_gga
 .text.print_gsv
                0x000008d8      0x208 ./main.o
                0x000008d8                print_gsv
 .text.print_rmc
                0x00000ae0      0x188 ./main.o
                0x00000ae0                print_rmc
 .text.print_vtg
                0x00000c68      0x12c ./main.o
                0x00000c68                print_vtg
 .text.hexchar  0x00000d94       0xec ./mtk_nmea.o
                0x00000d94                hexchar
 .text.checksum_mtk
                0x00000e80       0x74 ./mtk_nmea.o
                0x00000e80                checksum_mtk
 .text.PMTK_TEST_000
                0x00000ef4       0x48 ./mtk_nmea.o
                0x00000ef4                PMTK_TEST_000
 .text.PMTK_CMD_COLD_START_103
                0x00000f3c       0x48 ./mtk_nmea.o
                0x00000f3c                PMTK_CMD_COLD_START_103
 .text.strtok_nmea
                0x00000f84       0xe0 ./nmea.o
                0x00000f84                strtok_nmea
 .text.nmea_field_valid
                0x00001064       0x38 ./nmea.o
                0x00001064                nmea_field_valid
 .text.nmea_set_double_data
                0x0000109c       0x44 ./nmea.o
                0x0000109c                nmea_set_double_data
 .text.nmea_set_char_data
                0x000010e0       0x3c ./nmea.o
                0x000010e0                nmea_set_char_data
 .text.nmea_set_int_data
                0x0000111c       0x34 ./nmea.o
                0x0000111c                nmea_set_int_data
 .text.ReadGGA  0x00001150      0x298 ./nmea.o
                0x00001150                ReadGGA
 .text.ReadGLL  0x000013e8      0x1f4 ./nmea.o
                0x000013e8                ReadGLL
 .text.ReadGSA  0x000015dc      0x308 ./nmea.o
                0x000015dc                ReadGSA
 .text.ReadGSV  0x000018e4      0x2e8 ./nmea.o
                0x000018e4                ReadGSV
 .text.ReadRMC  0x00001bcc      0x264 ./nmea.o
                0x00001bcc                ReadRMC
 .text.ReadVTG  0x00001e30      0x218 ./nmea.o
                0x00001e30                ReadVTG
 .text.NVIC_EnableIRQ
                0x00002048       0x38 ./uart.o
 .text.UART0_IRQHandler
                0x00002080      0x138 ./uart.o
                0x00002080                UART0_IRQHandler
 .text.UART1_IRQHandler
                0x000021b8      0x10c ./uart.o
                0x000021b8                UART1_IRQHandler
 .text.UARTInit
                0x000022c4      0x240 ./uart.o
                0x000022c4                UARTInit
 .text.UARTSend
                0x00002504       0xb0 ./uart.o
                0x00002504                UARTSend
 .text.SystemInit
                0x000025b4      0x22c C:\Users\alex1104\Desktop\SEIS742\Project\workspace\CMSISv1p30_LPC17xx\Debug\libCMSISv1p30_LPC17xx.a(system_LPC17xx.o)
                0x000025b4                SystemInit
 .text          0x000027e0      0xca8 C:\Users\alex1104\Desktop\SEIS742\Project\workspace\FreeRTOS_Library\Debug\libFreeRTOS_Library.a(tasks.o)
                0x000027e0                xTaskGenericCreate
                0x000029e0                vTaskDelete
                0x00002a5c                uxTaskPriorityGet
                0x00002a7c                vTaskPrioritySet
                0x00002b30                xTaskIsTaskSuspended
                0x00002b5c                vTaskResume
                0x00002bd8                xTaskResumeFromISR
                0x00002c58                vTaskStartScheduler
                0x00002cac                vTaskEndScheduler
                0x00002ccc                vTaskSuspendAll
                0x00002ce4                xTaskGetTickCount
                0x00002d00                xTaskGetTickCountFromISR
                0x00002d10                uxTaskGetNumberOfTasks
                0x00002d1c                vTaskIncrementTick
                0x00002dfc                xTaskResumeAll
                0x00002f74                vTaskDelay
                0x00002fcc                vTaskDelayUntil
                0x00003068                vTaskSwitchContext
                0x00003174                vTaskSuspend
                0x00003200                vTaskPlaceOnEventList
                0x0000326c                xTaskRemoveFromEventList
                0x000032f4                vTaskSetTimeOutState
                0x0000330c                xTaskCheckForTimeOut
                0x00003388                vTaskMissedYield
                0x0000339c                xTaskGetCurrentTaskHandle
                0x000033a8                vTaskPriorityInherit
                0x00003434                vTaskPriorityDisinherit
 .text          0x00003488      0x13c C:\Users\alex1104\Desktop\SEIS742\Project\workspace\FreeRTOS_Library\Debug\libFreeRTOS_Library.a(heap_2.o)
                0x00003488                pvPortMalloc
                0x00003574                vPortFree
                0x000035b4                xPortGetFreeHeapSize
                0x000035c0                vPortInitialiseBlocks
 .text          0x000035c4      0x160 C:\Users\alex1104\Desktop\SEIS742\Project\workspace\FreeRTOS_Library\Debug\libFreeRTOS_Library.a(port.o)
                0x000035c4                pxPortInitialiseStack
                0x000035f0                vPortSVCHandler
                0x00003610                vPortStartFirstTask
                0x00003620                xPortStartScheduler
                0x00003670                vPortEndScheduler
                0x00003674                vPortYieldFromISR
                0x00003684                vPortEnterCritical
                0x000036a0                vPortExitCritical
                0x000036bc                xPortPendSVHandler
                0x000036f8                xPortSysTickHandler
 .text          0x00003724       0xa4 C:\Users\alex1104\Desktop\SEIS742\Project\workspace\FreeRTOS_Library\Debug\libFreeRTOS_Library.a(list.o)
                0x00003724                vListInitialise
                0x0000373c                vListInitialiseItem
                0x00003744                vListInsertEnd
                0x00003764                vListInsert
                0x000037a0                vListRemove
 .text.__main   0x000037c8       0x14 c:/nxp/lpcxpresso_4.1.5_219/lpcxpresso/tools/bin/../lib/gcc/arm-none-eabi/4.5.1/../../../../arm-none-eabi/lib/thumb2\libcr_semihost.a(_cr__main.o)
                0x000037c8                __CR_SEMIHOST
                0x000037c8                __main
 .text.malloc   0x000037dc       0xd0 c:/nxp/lpcxpresso_4.1.5_219/lpcxpresso/tools/bin/../lib/gcc/arm-none-eabi/4.5.1/../../../../arm-none-eabi/lib/thumb2\libcr_c.a(alloc.o)
                0x000037dc                malloc
 .text.free     0x000038ac        0xa c:/nxp/lpcxpresso_4.1.5_219/lpcxpresso/tools/bin/../lib/gcc/arm-none-eabi/4.5.1/../../../../arm-none-eabi/lib/thumb2\libcr_c.a(alloc.o)
                0x000038ac                free
 *fill*         0x000038b6        0x2 00
 .text._Csys_alloc
                0x000038b8       0x20 c:/nxp/lpcxpresso_4.1.5_219/lpcxpresso/tools/bin/../lib/gcc/arm-none-eabi/4.5.1/../../../../arm-none-eabi/lib/thumb2\libcr_c.a(alloc.o)
                0x000038b8                _Csys_alloc
 .text.fp_round
                0x000038d8       0x56 c:/nxp/lpcxpresso_4.1.5_219/lpcxpresso/tools/bin/../lib/gcc/arm-none-eabi/4.5.1/../../../../arm-none-eabi/lib/thumb2\libcr_c.a(fpprintf.o)
 .text.lose_trailing_zeros
                0x0000392e       0x1e c:/nxp/lpcxpresso_4.1.5_219/lpcxpresso/tools/bin/../lib/gcc/arm-none-eabi/4.5.1/../../../../arm-none-eabi/lib/thumb2\libcr_c.a(fpprintf.o)
 .text.pr_dec.clone.0
                0x0000394c       0x24 c:/nxp/lpcxpresso_4.1.5_219/lpcxpresso/tools/bin/../lib/gcc/arm-none-eabi/4.5.1/../../../../arm-none-eabi/lib/thumb2\libcr_c.a(fpprintf.o)
 .text.sprintf  0x00003970       0x70 c:/nxp/lpcxpresso_4.1.5_219/lpcxpresso/tools/bin/../lib/gcc/arm-none-eabi/4.5.1/../../../../arm-none-eabi/lib/thumb2\libcr_c.a(fpprintf.o)
                0x00003970                sprintf
 .text.fp_display
                0x000039e0      0x918 c:/nxp/lpcxpresso_4.1.5_219/lpcxpresso/tools/bin/../lib/gcc/arm-none-eabi/4.5.1/../../../../arm-none-eabi/lib/thumb2\libcr_c.a(fpprintf.o)
 .text.vsnprintf
                0x000042f8       0x5c c:/nxp/lpcxpresso_4.1.5_219/lpcxpresso/tools/bin/../lib/gcc/arm-none-eabi/4.5.1/../../../../arm-none-eabi/lib/thumb2\libcr_c.a(fpprintf.o)
                0x000042f8                vsnprintf
 .text.printf   0x00004354       0x50 c:/nxp/lpcxpresso_4.1.5_219/lpcxpresso/tools/bin/../lib/gcc/arm-none-eabi/4.5.1/../../../../arm-none-eabi/lib/thumb2\libcr_c.a(fpprintf.o)
                0x00004354                printf
 .text._initio  0x000043a4       0x9c c:/nxp/lpcxpresso_4.1.5_219/lpcxpresso/tools/bin/../lib/gcc/arm-none-eabi/4.5.1/../../../../arm-none-eabi/lib/thumb2\libcr_c.a(initio.o)
                0x000043a4                _initio
 .text.memcmp   0x00004440       0x46 c:/nxp/lpcxpresso_4.1.5_219/lpcxpresso/tools/bin/../lib/gcc/arm-none-eabi/4.5.1/../../../../arm-none-eabi/lib/thumb2\libcr_c.a(memcmp.o)
                0x00004440                memcmp
 *fill*         0x00004486        0x2 00
 .text.__vfprintf
                0x00004488      0xc3c c:/nxp/lpcxpresso_4.1.5_219/lpcxpresso/tools/bin/../lib/gcc/arm-none-eabi/4.5.1/../../../../arm-none-eabi/lib/thumb2\libcr_c.a(printf.o)
                0x00004488                __vfprintf
 .text.ch_val   0x000050c4       0x38 c:/nxp/lpcxpresso_4.1.5_219/lpcxpresso/tools/bin/../lib/gcc/arm-none-eabi/4.5.1/../../../../arm-none-eabi/lib/thumb2\libcr_c.a(scanf.o)
 .text._strtoul
                0x000050fc       0xc0 c:/nxp/lpcxpresso_4.1.5_219/lpcxpresso/tools/bin/../lib/gcc/arm-none-eabi/4.5.1/../../../../arm-none-eabi/lib/thumb2\libcr_c.a(scanf.o)
 .text.cr_rd_int
                0x000051bc      0x1a8 c:/nxp/lpcxpresso_4.1.5_219/lpcxpresso/tools/bin/../lib/gcc/arm-none-eabi/4.5.1/../../../../arm-none-eabi/lib/thumb2\libcr_c.a(scanf.o)
 *fill*         0x00005364        0x4 00
 .text.vfscanf  0x00005368      0x980 c:/nxp/lpcxpresso_4.1.5_219/lpcxpresso/tools/bin/../lib/gcc/arm-none-eabi/4.5.1/../../../../arm-none-eabi/lib/thumb2\libcr_c.a(scanf.o)
                0x00005368                vfscanf
 .text.sscanf   0x00005ce8       0x4c c:/nxp/lpcxpresso_4.1.5_219/lpcxpresso/tools/bin/../lib/gcc/arm-none-eabi/4.5.1/../../../../arm-none-eabi/lib/thumb2\libcr_c.a(scanf.o)
                0x00005ce8                sscanf
 .text.strtod   0x00005d34       0x38 c:/nxp/lpcxpresso_4.1.5_219/lpcxpresso/tools/bin/../lib/gcc/arm-none-eabi/4.5.1/../../../../arm-none-eabi/lib/thumb2\libcr_c.a(scanf.o)
                0x00005d34                strtod
 .text.strtol   0x00005d6c       0x78 c:/nxp/lpcxpresso_4.1.5_219/lpcxpresso/tools/bin/../lib/gcc/arm-none-eabi/4.5.1/../../../../arm-none-eabi/lib/thumb2\libcr_c.a(scanf.o)
                0x00005d6c                strtol
 .text.atof     0x00005de4       0x14 c:/nxp/lpcxpresso_4.1.5_219/lpcxpresso/tools/bin/../lib/gcc/arm-none-eabi/4.5.1/../../../../arm-none-eabi/lib/thumb2\libcr_c.a(scanf.o)
                0x00005de4                atof
 .text.atoi     0x00005df8       0x18 c:/nxp/lpcxpresso_4.1.5_219/lpcxpresso/tools/bin/../lib/gcc/arm-none-eabi/4.5.1/../../../../arm-none-eabi/lib/thumb2\libcr_c.a(scanf.o)
                0x00005df8                atoi
 .text.setvbuf  0x00005e10       0x48 c:/nxp/lpcxpresso_4.1.5_219/lpcxpresso/tools/bin/../lib/gcc/arm-none-eabi/4.5.1/../../../../arm-none-eabi/lib/thumb2\libcr_c.a(setvbuf.o)
                0x00005e10                setvbuf
 .text.strlen   0x00005e58       0x4e c:/nxp/lpcxpresso_4.1.5_219/lpcxpresso/tools/bin/../lib/gcc/arm-none-eabi/4.5.1/../../../../arm-none-eabi/lib/thumb2\libcr_c.a(strlen.o)
                0x00005e58                strlen
 .text.strncmp  0x00005ea6       0x58 c:/nxp/lpcxpresso_4.1.5_219/lpcxpresso/tools/bin/../lib/gcc/arm-none-eabi/4.5.1/../../../../arm-none-eabi/lib/thumb2\libcr_c.a(strncmp.o)
                0x00005ea6                strncmp
 .text.strncpy  0x00005efe       0x58 c:/nxp/lpcxpresso_4.1.5_219/lpcxpresso/tools/bin/../lib/gcc/arm-none-eabi/4.5.1/../../../../arm-none-eabi/lib/thumb2\libcr_c.a(strncpy.o)
                0x00005efe                strncpy
 *fill*         0x00005f56        0x2 00
 .text.strtok   0x00005f58       0x40 c:/nxp/lpcxpresso_4.1.5_219/lpcxpresso/tools/bin/../lib/gcc/arm-none-eabi/4.5.1/../../../../arm-none-eabi/lib/thumb2\libcr_c.a(strtok.o)
                0x00005f58                strtok
 .text.ungetc   0x00005f98       0x3a c:/nxp/lpcxpresso_4.1.5_219/lpcxpresso/tools/bin/../lib/gcc/arm-none-eabi/4.5.1/../../../../arm-none-eabi/lib/thumb2\libcr_c.a(ungetc.o)
                0x00005f98                ungetc
 .text.memcpy   0x00005fd2        0x4 c:/nxp/lpcxpresso_4.1.5_219/lpcxpresso/tools/bin/../lib/gcc/arm-none-eabi/4.5.1/../../../../arm-none-eabi/lib/thumb2\libcr_c.a(memcpy.o)
                0x00005fd2                memcpy
 .text.memset   0x00005fd6        0x4 c:/nxp/lpcxpresso_4.1.5_219/lpcxpresso/tools/bin/../lib/gcc/arm-none-eabi/4.5.1/../../../../arm-none-eabi/lib/thumb2\libcr_c.a(memset.o)
                0x00005fd6                memset
 .text._Csys_read_
                0x00005fda       0x22 c:/nxp/lpcxpresso_4.1.5_219/lpcxpresso/tools/bin/../lib/gcc/arm-none-eabi/4.5.1/../../../../arm-none-eabi/lib/thumb2\libcr_c.a(__fillbuf.o)
                0x00005fda                _Csys_read_
 .text.__filbuf
                0x00005ffc      0x190 c:/nxp/lpcxpresso_4.1.5_219/lpcxpresso/tools/bin/../lib/gcc/arm-none-eabi/4.5.1/../../../../arm-none-eabi/lib/thumb2\libcr_c.a(__fillbuf.o)
                0x00005ffc                __filbuf
 .text._deferredlazyseek
                0x0000618c       0x44 c:/nxp/lpcxpresso_4.1.5_219/lpcxpresso/tools/bin/../lib/gcc/arm-none-eabi/4.5.1/../../../../arm-none-eabi/lib/thumb2\libcr_c.a(_deferredlazyseek.o)
                0x0000618c                _deferredlazyseek
 .text.__flsbuf
                0x000061d0      0x15e c:/nxp/lpcxpresso_4.1.5_219/lpcxpresso/tools/bin/../lib/gcc/arm-none-eabi/4.5.1/../../../../arm-none-eabi/lib/thumb2\libcr_c.a(_deferredlazyseek.o)
                0x000061d0                __flsbuf
 .text._fdopen  0x0000632e       0x6e c:/nxp/lpcxpresso_4.1.5_219/lpcxpresso/tools/bin/../lib/gcc/arm-none-eabi/4.5.1/../../../../arm-none-eabi/lib/thumb2\libcr_c.a(_fdopen.o)
                0x0000632e                _fdopen
 .text._fflush  0x0000639c       0x58 c:/nxp/lpcxpresso_4.1.5_219/lpcxpresso/tools/bin/../lib/gcc/arm-none-eabi/4.5.1/../../../../arm-none-eabi/lib/thumb2\libcr_c.a(_fflush.o)
                0x0000639c                _fflush
 .text._frexpl  0x000063f4       0x62 c:/nxp/lpcxpresso_4.1.5_219/lpcxpresso/tools/bin/../lib/gcc/arm-none-eabi/4.5.1/../../../../arm-none-eabi/lib/thumb2\libcr_c.a(_frexpl.o)
                0x000063f4                _frexpl
 *fill*         0x00006456        0x2 00
 .text._ldexpl  0x00006458       0x50 c:/nxp/lpcxpresso_4.1.5_219/lpcxpresso/tools/bin/../lib/gcc/arm-none-eabi/4.5.1/../../../../arm-none-eabi/lib/thumb2\libcr_c.a(_ldexpl.o)
                0x00006458                _ldexpl
 .text._Cwritebuf
                0x000064a8       0x88 c:/nxp/lpcxpresso_4.1.5_219/lpcxpresso/tools/bin/../lib/gcc/arm-none-eabi/4.5.1/../../../../arm-none-eabi/lib/thumb2\libcr_c.a(_writebuf.o)
                0x000064a8                _Cwritebuf
 .text.fclose   0x00006530       0x72 c:/nxp/lpcxpresso_4.1.5_219/lpcxpresso/tools/bin/../lib/gcc/arm-none-eabi/4.5.1/../../../../arm-none-eabi/lib/thumb2\libcr_c.a(fclose.o)
                0x00006530                fclose
 *fill*         0x000065a2        0x2 00
 .text.fflush   0x000065a4       0x34 c:/nxp/lpcxpresso_4.1.5_219/lpcxpresso/tools/bin/../lib/gcc/arm-none-eabi/4.5.1/../../../../arm-none-eabi/lib/thumb2\libcr_c.a(fflush.o)
                0x000065a4                fflush
 .text.fseek    0x000065d8      0x110 c:/nxp/lpcxpresso_4.1.5_219/lpcxpresso/tools/bin/../lib/gcc/arm-none-eabi/4.5.1/../../../../arm-none-eabi/lib/thumb2\libcr_c.a(fseek.o)
                0x000065d8                fseek
 .text.ftell    0x000066e8       0x50 c:/nxp/lpcxpresso_4.1.5_219/lpcxpresso/tools/bin/../lib/gcc/arm-none-eabi/4.5.1/../../../../arm-none-eabi/lib/thumb2\libcr_c.a(ftell.o)
                0x000066e8                ftell
 .text.remove   0x00006738       0x14 c:/nxp/lpcxpresso_4.1.5_219/lpcxpresso/tools/bin/../lib/gcc/arm-none-eabi/4.5.1/../../../../arm-none-eabi/lib/thumb2\libcr_c.a(remove.o)
                0x00006738                remove
 .text.strcspn  0x0000674c       0x22 c:/nxp/lpcxpresso_4.1.5_219/lpcxpresso/tools/bin/../lib/gcc/arm-none-eabi/4.5.1/../../../../arm-none-eabi/lib/thumb2\libcr_c.a(strcspn.o)
                0x0000674c                strcspn
 .text.strspn   0x0000676e       0x1e c:/nxp/lpcxpresso_4.1.5_219/lpcxpresso/tools/bin/../lib/gcc/arm-none-eabi/4.5.1/../../../../arm-none-eabi/lib/thumb2\libcr_c.a(strspn.o)
                0x0000676e                strspn
 .text._do_fflush
                0x0000678c       0x44 c:/nxp/lpcxpresso_4.1.5_219/lpcxpresso/tools/bin/../lib/gcc/arm-none-eabi/4.5.1/../../../../arm-none-eabi/lib/thumb2\libcr_c.a(_do_fflush.o)
                0x0000678c                _do_fflush
 .text.__aeabi_dmul
                0x000067d0      0x128 c:/nxp/lpcxpresso_4.1.5_219/lpcxpresso/tools/bin/../lib/gcc/arm-none-eabi/4.5.1/thumb2\libcr_eabihelpers.a(double.o)
                0x000067d0                __aeabi_dmul
 .text.__aeabi_ddiv
                0x000068f8      0x144 c:/nxp/lpcxpresso_4.1.5_219/lpcxpresso/tools/bin/../lib/gcc/arm-none-eabi/4.5.1/thumb2\libcr_eabihelpers.a(double.o)
                0x000068f8                __aeabi_ddiv
 .text.__aeabi_dsub
                0x00006a3c      0x1d8 c:/nxp/lpcxpresso_4.1.5_219/lpcxpresso/tools/bin/../lib/gcc/arm-none-eabi/4.5.1/thumb2\libcr_eabihelpers.a(double.o)
                0x00006a3c                __aeabi_dsub
 .text.__aeabi_dadd
                0x00006c14      0x13c c:/nxp/lpcxpresso_4.1.5_219/lpcxpresso/tools/bin/../lib/gcc/arm-none-eabi/4.5.1/thumb2\libcr_eabihelpers.a(double.o)
                0x00006c14                __aeabi_dadd
 .text.__aeabi_d2f
                0x00006d50       0x54 c:/nxp/lpcxpresso_4.1.5_219/lpcxpresso/tools/bin/../lib/gcc/arm-none-eabi/4.5.1/thumb2\libcr_eabihelpers.a(double.o)
                0x00006d50                __aeabi_d2f
 .text.__aeabi_d2iz
                0x00006da4       0x3e c:/nxp/lpcxpresso_4.1.5_219/lpcxpresso/tools/bin/../lib/gcc/arm-none-eabi/4.5.1/thumb2\libcr_eabihelpers.a(double.o)
                0x00006da4                __aeabi_d2iz
 .text.__bhs_ui2d
                0x00006de2       0x50 c:/nxp/lpcxpresso_4.1.5_219/lpcxpresso/tools/bin/../lib/gcc/arm-none-eabi/4.5.1/thumb2\libcr_eabihelpers.a(double.o)
                0x00006de2                __bhs_ui2d
 .text.__aeabi_i2d
                0x00006e32       0x10 c:/nxp/lpcxpresso_4.1.5_219/lpcxpresso/tools/bin/../lib/gcc/arm-none-eabi/4.5.1/thumb2\libcr_eabihelpers.a(double.o)
                0x00006e32                __aeabi_i2d
 .text.__aeabi_dcmpeq
                0x00006e42       0x36 c:/nxp/lpcxpresso_4.1.5_219/lpcxpresso/tools/bin/../lib/gcc/arm-none-eabi/4.5.1/thumb2\libcr_eabihelpers.a(double.o)
                0x00006e42                __aeabi_dcmpeq
 .text.__aeabi_dcmplt
                0x00006e78       0x5a c:/nxp/lpcxpresso_4.1.5_219/lpcxpresso/tools/bin/../lib/gcc/arm-none-eabi/4.5.1/thumb2\libcr_eabihelpers.a(double.o)
                0x00006e78                __aeabi_dcmplt
 .text.__aeabi_dcmple
                0x00006ed2       0x5a c:/nxp/lpcxpresso_4.1.5_219/lpcxpresso/tools/bin/../lib/gcc/arm-none-eabi/4.5.1/thumb2\libcr_eabihelpers.a(double.o)
                0x00006ed2                __aeabi_dcmple
 .text.__aeabi_dcmpge
                0x00006f2c       0x5a c:/nxp/lpcxpresso_4.1.5_219/lpcxpresso/tools/bin/../lib/gcc/arm-none-eabi/4.5.1/thumb2\libcr_eabihelpers.a(double.o)
                0x00006f2c                __aeabi_dcmpge
 .text.__aeabi_memcpy
                0x00006f86       0x26 c:/nxp/lpcxpresso_4.1.5_219/lpcxpresso/tools/bin/../lib/gcc/arm-none-eabi/4.5.1/thumb2\libcr_eabihelpers.a(memcpy.o)
                0x00006f86                __aeabi_memcpy4
                0x00006f86                __aeabi_memcpy8
                0x00006f86                __aeabi_memcpy
 .text.__aeabi_memset_lowlevel
                0x00006fac       0x24 c:/nxp/lpcxpresso_4.1.5_219/lpcxpresso/tools/bin/../lib/gcc/arm-none-eabi/4.5.1/thumb2\libcr_eabihelpers.a(memcpy.o)
                0x00006fac                __aeabi_lowlevel_memset
 .text.__sys_appexit
                0x00006fd0        0xc c:/nxp/lpcxpresso_4.1.5_219/lpcxpresso/tools/bin/../lib/gcc/arm-none-eabi/4.5.1/../../../../arm-none-eabi/lib/thumb2\libcr_semihost.a(__sys_appexit.o)
                0x00006fd0                __sys_appexit
                0x00006fd0                __exit
 .text.__sys_close
                0x00006fdc        0xc c:/nxp/lpcxpresso_4.1.5_219/lpcxpresso/tools/bin/../lib/gcc/arm-none-eabi/4.5.1/../../../../arm-none-eabi/lib/thumb2\libcr_semihost.a(__sys_close.o)
                0x00006fdc                __sys_close
 .text.__sys_flen
                0x00006fe8        0xc c:/nxp/lpcxpresso_4.1.5_219/lpcxpresso/tools/bin/../lib/gcc/arm-none-eabi/4.5.1/../../../../arm-none-eabi/lib/thumb2\libcr_semihost.a(__sys_flen.o)
                0x00006fe8                __sys_flen
 .text.__sys_istty
                0x00006ff4        0xc c:/nxp/lpcxpresso_4.1.5_219/lpcxpresso/tools/bin/../lib/gcc/arm-none-eabi/4.5.1/../../../../arm-none-eabi/lib/thumb2\libcr_semihost.a(__sys_istty.o)
                0x00006ff4                __sys_istty
 .text.__sys_read
                0x00007000        0xc c:/nxp/lpcxpresso_4.1.5_219/lpcxpresso/tools/bin/../lib/gcc/arm-none-eabi/4.5.1/../../../../arm-none-eabi/lib/thumb2\libcr_semihost.a(__sys_read.o)
                0x00007000                __sys_read
 .text.__sys_readc
                0x0000700c        0x8 c:/nxp/lpcxpresso_4.1.5_219/lpcxpresso/tools/bin/../lib/gcc/arm-none-eabi/4.5.1/../../../../arm-none-eabi/lib/thumb2\libcr_semihost.a(__sys_readc.o)
                0x0000700c                __sys_readc
                0x0000700c                __readc
 .text.__sys_remove
                0x00007014        0xc c:/nxp/lpcxpresso_4.1.5_219/lpcxpresso/tools/bin/../lib/gcc/arm-none-eabi/4.5.1/../../../../arm-none-eabi/lib/thumb2\libcr_semihost.a(__sys_remove.o)
                0x00007014                __sys_remove
 .text.__sys_seek
                0x00007020        0xc c:/nxp/lpcxpresso_4.1.5_219/lpcxpresso/tools/bin/../lib/gcc/arm-none-eabi/4.5.1/../../../../arm-none-eabi/lib/thumb2\libcr_semihost.a(__sys_seek.o)
                0x00007020                __sys_seek
 .text.__sys_tmpnam
                0x0000702c        0xc c:/nxp/lpcxpresso_4.1.5_219/lpcxpresso/tools/bin/../lib/gcc/arm-none-eabi/4.5.1/../../../../arm-none-eabi/lib/thumb2\libcr_semihost.a(__sys_tmpnam.o)
                0x0000702c                __sys_tmpnam
 .text.__sys_write
                0x00007038        0xc c:/nxp/lpcxpresso_4.1.5_219/lpcxpresso/tools/bin/../lib/gcc/arm-none-eabi/4.5.1/../../../../arm-none-eabi/lib/thumb2\libcr_semihost.a(__sys_write.o)
                0x00007038                __sys_write
                0x00007038                __write
 .text._sbrk    0x00007044       0x40 c:/nxp/lpcxpresso_4.1.5_219/lpcxpresso/tools/bin/../lib/gcc/arm-none-eabi/4.5.1/../../../../arm-none-eabi/lib/thumb2\libcr_semihost.a(_cr_sbrk.o)
                0x00007044                _sbrk
 .text.__check_heap_overflow
                0x00007084       0x2c c:/nxp/lpcxpresso_4.1.5_219/lpcxpresso/tools/bin/../lib/gcc/arm-none-eabi/4.5.1/../../../../arm-none-eabi/lib/thumb2\libcr_semihost.a(_cr_check_heap.o)
                0x00007084                __check_heap_overflow
 *(.rodata .rodata.*)
 .rodata        0x000070b0      0x4d4 ./main.o
 .rodata        0x00007584      0x13c ./mtk_nmea.o
 .rodata        0x000076c0       0x14 ./nmea.o
 .rodata        0x000076d4       0x14 C:\Users\alex1104\Desktop\SEIS742\Project\workspace\FreeRTOS_Library\Debug\libFreeRTOS_Library.a(tasks.o)
 .rodata.str1.4
                0x000076e8        0x8 C:\Users\alex1104\Desktop\SEIS742\Project\workspace\FreeRTOS_Library\Debug\libFreeRTOS_Library.a(tasks.o)
 .rodata.str1.1
                0x000076f0       0x18 c:/nxp/lpcxpresso_4.1.5_219/lpcxpresso/tools/bin/../lib/gcc/arm-none-eabi/4.5.1/../../../../arm-none-eabi/lib/thumb2\libcr_c.a(alloc.o)
 .rodata.str1.1
                0x00007708       0x34 c:/nxp/lpcxpresso_4.1.5_219/lpcxpresso/tools/bin/../lib/gcc/arm-none-eabi/4.5.1/../../../../arm-none-eabi/lib/thumb2\libcr_c.a(fpprintf.o)
                                 0x35 (size before relaxing)
 .rodata.str1.1
                0x0000773c        0x4 c:/nxp/lpcxpresso_4.1.5_219/lpcxpresso/tools/bin/../lib/gcc/arm-none-eabi/4.5.1/../../../../arm-none-eabi/lib/thumb2\libcr_c.a(initio.o)
 .rodata.str1.1
                0x00007740       0x31 c:/nxp/lpcxpresso_4.1.5_219/lpcxpresso/tools/bin/../lib/gcc/arm-none-eabi/4.5.1/../../../../arm-none-eabi/lib/thumb2\libcr_c.a(printf.o)
                                 0x38 (size before relaxing)
 .rodata.str1.1
                0x00007771        0x6 c:/nxp/lpcxpresso_4.1.5_219/lpcxpresso/tools/bin/../lib/gcc/arm-none-eabi/4.5.1/../../../../arm-none-eabi/lib/thumb2\libcr_c.a(scanf.o)
 .rodata.str1.1
                0x00000000        0x1 c:/nxp/lpcxpresso_4.1.5_219/lpcxpresso/tools/bin/../lib/gcc/arm-none-eabi/4.5.1/../../../../arm-none-eabi/lib/thumb2\libcr_c.a(strtok.o)
 *fill*         0x00007777        0x1 00
 .rodata.__huge_vall
                0x00007778        0x8 c:/nxp/lpcxpresso_4.1.5_219/lpcxpresso/tools/bin/../lib/gcc/arm-none-eabi/4.5.1/../../../../arm-none-eabi/lib/thumb2\libcr_c.a(_hugeval.o)
                0x00007778                __huge_vall
 .rodata.__ctype
                0x00007780      0x180 c:/nxp/lpcxpresso_4.1.5_219/lpcxpresso/tools/bin/../lib/gcc/arm-none-eabi/4.5.1/../../../../arm-none-eabi/lib/thumb2\libcr_c.a(ctype.o)
                0x00007780                __ctype
                0x00007900                . = ALIGN (0x4)

.glue_7         0x00007900        0x0
 .glue_7        0x00000000        0x0 linker stubs

.glue_7t        0x00007900        0x0
 .glue_7t       0x00000000        0x0 linker stubs

.vfp11_veneer   0x00007900        0x0
 .vfp11_veneer  0x00000000        0x0 linker stubs

.v4_bx          0x00007900        0x0
 .v4_bx         0x00000000        0x0 linker stubs

.ARM.extab
 *(.ARM.extab* .gnu.linkonce.armextab.*)
                0x00007900                __exidx_start = .

.ARM.exidx
 *(.ARM.exidx* .gnu.linkonce.armexidx.*)
                0x00007900                __exidx_end = .
                0x00007900                _etext = .

.data_RAM2      0x2007c000        0x0 load address 0x00007900
 FILL mask 0xff
 *(.data.$RAM2*)
 *(.data.$RamAHB32*)
                0x2007c000                . = ALIGN (0x4)

.uninit_RESERVED
 *(.bss.$RESERVED*)

.data           0x10000000       0x1c load address 0x00007900
 FILL mask 0xff
                0x10000000                _data = .
 *(vtable)
 *(.data*)
 .data          0x10000000        0x2 ./uart.o
                0x10000000                UART0TxEmpty
                0x10000001                UART1TxEmpty
 *fill*         0x10000002        0x2 00
 .data          0x10000004        0x4 C:\Users\alex1104\Desktop\SEIS742\Project\workspace\CMSISv1p30_LPC17xx\Debug\libCMSISv1p30_LPC17xx.a(system_LPC17xx.o)
                0x10000004                SystemCoreClock
 .data          0x10000008        0x4 C:\Users\alex1104\Desktop\SEIS742\Project\workspace\FreeRTOS_Library\Debug\libFreeRTOS_Library.a(heap_2.o)
 .data          0x1000000c        0x4 C:\Users\alex1104\Desktop\SEIS742\Project\workspace\FreeRTOS_Library\Debug\libFreeRTOS_Library.a(port.o)
 .data.neginf.1876
                0x10000010        0x4 c:/nxp/lpcxpresso_4.1.5_219/lpcxpresso/tools/bin/../lib/gcc/arm-none-eabi/4.5.1/../../../../arm-none-eabi/lib/thumb2\libcr_c.a(scanf.o)
 .data.posinf.1875
                0x10000014        0x4 c:/nxp/lpcxpresso_4.1.5_219/lpcxpresso/tools/bin/../lib/gcc/arm-none-eabi/4.5.1/../../../../arm-none-eabi/lib/thumb2\libcr_c.a(scanf.o)
 .data.saves1.1046
                0x10000018        0x4 c:/nxp/lpcxpresso_4.1.5_219/lpcxpresso/tools/bin/../lib/gcc/arm-none-eabi/4.5.1/../../../../arm-none-eabi/lib/thumb2\libcr_c.a(strtok.o)
                0x1000001c                . = ALIGN (0x4)
                0x1000001c                _edata = .

.bss_RAM2       0x2007c000        0x0
 *(.bss.$RAM2*)
 *(.bss.$RamAHB32*)
                0x2007c000                . = ALIGN (0x4)

.bss            0x10000020     0x2ecc
                0x10000020                _bss = .
 *(.bss*)
 .bss           0x10000020        0x4 ./main.o
                0x10000020                UART0SendCount
 .bss           0x10000024        0x4 ./nmea.o
 .bss           0x10000028      0x100 C:\Users\alex1104\Desktop\SEIS742\Project\workspace\FreeRTOS_Library\Debug\libFreeRTOS_Library.a(tasks.o)
                0x1000002c                pxCurrentTCB
 .bss           0x10000128     0x2818 C:\Users\alex1104\Desktop\SEIS742\Project\workspace\FreeRTOS_Library\Debug\libFreeRTOS_Library.a(heap_2.o)
 .bss.errno     0x10002940        0x4 c:/nxp/lpcxpresso_4.1.5_219/lpcxpresso/tools/bin/../lib/gcc/arm-none-eabi/4.5.1/../../../../arm-none-eabi/lib/thumb2\libcr_c.a(errno.o)
                0x10002940                errno
 *(COMMON)
 COMMON         0x10002944       0x40 ./main.o
                0x10002944                UART0SendBuffer
 COMMON         0x10002984      0x41c ./uart.o
                0x10002984                UART1Buffer
                0x10002b8c                UART0Buffer
                0x10002d94                UART1Status
                0x10002d98                c
                0x10002d9c                UART0Status
 COMMON         0x10002da0        0x4 c:/nxp/lpcxpresso_4.1.5_219/lpcxpresso/tools/bin/../lib/gcc/arm-none-eabi/4.5.1/../../../../arm-none-eabi/lib/thumb2\libcr_c.a(initio.o)
                0x10002da0                _extra
 COMMON         0x10002da4      0x140 c:/nxp/lpcxpresso_4.1.5_219/lpcxpresso/tools/bin/../lib/gcc/arm-none-eabi/4.5.1/../../../../arm-none-eabi/lib/thumb2\libcr_c.a(stdio.o)
                0x10002da4                __Ciob
 COMMON         0x10002ee4        0x8 c:/nxp/lpcxpresso_4.1.5_219/lpcxpresso/tools/bin/../lib/gcc/arm-none-eabi/4.5.1/../../../../arm-none-eabi/lib/thumb2\libcr_c.a(__init_alloc.o)
                0x10002ee4                __heaps
                0x10002ee8                __end_of_heap
                0x10002eec                . = ALIGN (0x4)
                0x10002eec                _ebss = .
                0x10002eec                PROVIDE (end, .)
                0x10002eec                PROVIDE (_pvHeapStart, .)
                0x10008000                PROVIDE (_vStackTop, (__top_RamLoc32 - 0x0))
OUTPUT(Example05.axf elf32-littlearm)

.debug_abbrev   0x00000000     0x1191
 .debug_abbrev  0x00000000       0xd7 ./circular_buffer.o
 .debug_abbrev  0x000000d7       0xb4 ./cr_startup_lpc17.o
 .debug_abbrev  0x0000018b      0x22b ./main.o
 .debug_abbrev  0x000003b6      0x12a ./mtk_nmea.o
 .debug_abbrev  0x000004e0      0x1b9 ./nmea.o
 .debug_abbrev  0x00000699      0x20a ./uart.o
 .debug_abbrev  0x000008a3       0xce C:\Users\alex1104\Desktop\SEIS742\Project\workspace\CMSISv1p30_LPC17xx\Debug\libCMSISv1p30_LPC17xx.a(system_LPC17xx.o)
 .debug_abbrev  0x00000971      0x1b3 C:\Users\alex1104\Desktop\SEIS742\Project\workspace\FreeRTOS_Library\Debug\libFreeRTOS_Library.a(queue.o)
 .debug_abbrev  0x00000b24      0x2b1 C:\Users\alex1104\Desktop\SEIS742\Project\workspace\FreeRTOS_Library\Debug\libFreeRTOS_Library.a(tasks.o)
 .debug_abbrev  0x00000dd5      0x1ab C:\Users\alex1104\Desktop\SEIS742\Project\workspace\FreeRTOS_Library\Debug\libFreeRTOS_Library.a(heap_2.o)
 .debug_abbrev  0x00000f80      0x128 C:\Users\alex1104\Desktop\SEIS742\Project\workspace\FreeRTOS_Library\Debug\libFreeRTOS_Library.a(port.o)
 .debug_abbrev  0x000010a8       0xe9 C:\Users\alex1104\Desktop\SEIS742\Project\workspace\FreeRTOS_Library\Debug\libFreeRTOS_Library.a(list.o)

.debug_info     0x00000000     0x5bfd
 .debug_info    0x00000000      0x273 ./circular_buffer.o
 .debug_info    0x00000273      0x210 ./cr_startup_lpc17.o
 .debug_info    0x00000483      0xc51 ./main.o
 .debug_info    0x000010d4      0x989 ./mtk_nmea.o
 .debug_info    0x00001a5d     0x11b9 ./nmea.o
 .debug_info    0x00002c16      0xe01 ./uart.o
 .debug_info    0x00003a17      0x385 C:\Users\alex1104\Desktop\SEIS742\Project\workspace\CMSISv1p30_LPC17xx\Debug\libCMSISv1p30_LPC17xx.a(system_LPC17xx.o)
 .debug_info    0x00003d9c      0x816 C:\Users\alex1104\Desktop\SEIS742\Project\workspace\FreeRTOS_Library\Debug\libFreeRTOS_Library.a(queue.o)
 .debug_info    0x000045b2      0xe78 C:\Users\alex1104\Desktop\SEIS742\Project\workspace\FreeRTOS_Library\Debug\libFreeRTOS_Library.a(tasks.o)
 .debug_info    0x0000542a      0x2eb C:\Users\alex1104\Desktop\SEIS742\Project\workspace\FreeRTOS_Library\Debug\libFreeRTOS_Library.a(heap_2.o)
 .debug_info    0x00005715      0x221 C:\Users\alex1104\Desktop\SEIS742\Project\workspace\FreeRTOS_Library\Debug\libFreeRTOS_Library.a(port.o)
 .debug_info    0x00005936      0x2c7 C:\Users\alex1104\Desktop\SEIS742\Project\workspace\FreeRTOS_Library\Debug\libFreeRTOS_Library.a(list.o)

.debug_line     0x00000000     0x42c3
 .debug_line    0x00000000      0x354 ./circular_buffer.o
 .debug_line    0x00000354      0x455 ./cr_startup_lpc17.o
 .debug_line    0x000007a9      0x795 ./main.o
 .debug_line    0x00000f3e      0x57a ./mtk_nmea.o
 .debug_line    0x000014b8      0x75c ./nmea.o
 .debug_line    0x00001c14      0x5c2 ./uart.o
 .debug_line    0x000021d6      0x40a C:\Users\alex1104\Desktop\SEIS742\Project\workspace\CMSISv1p30_LPC17xx\Debug\libCMSISv1p30_LPC17xx.a(system_LPC17xx.o)
 .debug_line    0x000025e0      0x61f C:\Users\alex1104\Desktop\SEIS742\Project\workspace\FreeRTOS_Library\Debug\libFreeRTOS_Library.a(queue.o)
 .debug_line    0x00002bff      0x7c4 C:\Users\alex1104\Desktop\SEIS742\Project\workspace\FreeRTOS_Library\Debug\libFreeRTOS_Library.a(tasks.o)
 .debug_line    0x000033c3      0x526 C:\Users\alex1104\Desktop\SEIS742\Project\workspace\FreeRTOS_Library\Debug\libFreeRTOS_Library.a(heap_2.o)
 .debug_line    0x000038e9      0x4ed C:\Users\alex1104\Desktop\SEIS742\Project\workspace\FreeRTOS_Library\Debug\libFreeRTOS_Library.a(port.o)
 .debug_line    0x00003dd6      0x4ed C:\Users\alex1104\Desktop\SEIS742\Project\workspace\FreeRTOS_Library\Debug\libFreeRTOS_Library.a(list.o)

.debug_macinfo  0x00000000    0x5312c
 .debug_macinfo
                0x00000000     0x1e0d ./circular_buffer.o
 .debug_macinfo
                0x00001e0d     0x3114 ./cr_startup_lpc17.o
 .debug_macinfo
                0x00004f21     0xa5c5 ./main.o
 .debug_macinfo
                0x0000f4e6     0x2265 ./mtk_nmea.o
 .debug_macinfo
                0x0001174b     0x257d ./nmea.o
 .debug_macinfo
                0x00013cc8     0x964a ./uart.o
 .debug_macinfo
                0x0001d312     0x77f2 C:\Users\alex1104\Desktop\SEIS742\Project\workspace\CMSISv1p30_LPC17xx\Debug\libCMSISv1p30_LPC17xx.a(system_LPC17xx.o)
 .debug_macinfo
                0x00024b04     0x98bd C:\Users\alex1104\Desktop\SEIS742\Project\workspace\FreeRTOS_Library\Debug\libFreeRTOS_Library.a(queue.o)
 .debug_macinfo
                0x0002e3c1     0x9b5b C:\Users\alex1104\Desktop\SEIS742\Project\workspace\FreeRTOS_Library\Debug\libFreeRTOS_Library.a(tasks.o)
 .debug_macinfo
                0x00037f1c     0x9371 C:\Users\alex1104\Desktop\SEIS742\Project\workspace\FreeRTOS_Library\Debug\libFreeRTOS_Library.a(heap_2.o)
 .debug_macinfo
                0x0004128d     0x91db C:\Users\alex1104\Desktop\SEIS742\Project\workspace\FreeRTOS_Library\Debug\libFreeRTOS_Library.a(port.o)
 .debug_macinfo
                0x0004a468     0x8cc4 C:\Users\alex1104\Desktop\SEIS742\Project\workspace\FreeRTOS_Library\Debug\libFreeRTOS_Library.a(list.o)

.debug_loc      0x00000000     0x24ec
 .debug_loc     0x00000000       0xe2 ./circular_buffer.o
 .debug_loc     0x000000e2      0x1f0 ./cr_startup_lpc17.o
 .debug_loc     0x000002d2      0x328 ./main.o
 .debug_loc     0x000005fa      0x508 ./mtk_nmea.o
 .debug_loc     0x00000b02      0x49a ./nmea.o
 .debug_loc     0x00000f9c      0x118 ./uart.o
 .debug_loc     0x000010b4       0x58 C:\Users\alex1104\Desktop\SEIS742\Project\workspace\CMSISv1p30_LPC17xx\Debug\libCMSISv1p30_LPC17xx.a(system_LPC17xx.o)
 .debug_loc     0x0000110c      0x69f C:\Users\alex1104\Desktop\SEIS742\Project\workspace\FreeRTOS_Library\Debug\libFreeRTOS_Library.a(queue.o)
 .debug_loc     0x000017ab      0xa30 C:\Users\alex1104\Desktop\SEIS742\Project\workspace\FreeRTOS_Library\Debug\libFreeRTOS_Library.a(tasks.o)
 .debug_loc     0x000021db      0x215 C:\Users\alex1104\Desktop\SEIS742\Project\workspace\FreeRTOS_Library\Debug\libFreeRTOS_Library.a(heap_2.o)
 .debug_loc     0x000023f0       0x89 C:\Users\alex1104\Desktop\SEIS742\Project\workspace\FreeRTOS_Library\Debug\libFreeRTOS_Library.a(port.o)
 .debug_loc     0x00002479       0x73 C:\Users\alex1104\Desktop\SEIS742\Project\workspace\FreeRTOS_Library\Debug\libFreeRTOS_Library.a(list.o)

.debug_pubnames
                0x00000000      0xdb1
 .debug_pubnames
                0x00000000       0x7e ./circular_buffer.o
 .debug_pubnames
                0x0000007e       0xfd ./cr_startup_lpc17.o
 .debug_pubnames
                0x0000017b      0x16e ./main.o
 .debug_pubnames
                0x000002e9      0x279 ./mtk_nmea.o
 .debug_pubnames
                0x00000562      0x177 ./nmea.o
 .debug_pubnames
                0x000006d9       0xd3 ./uart.o
 .debug_pubnames
                0x000007ac       0x4f C:\Users\alex1104\Desktop\SEIS742\Project\workspace\CMSISv1p30_LPC17xx\Debug\libCMSISv1p30_LPC17xx.a(system_LPC17xx.o)
 .debug_pubnames
                0x000007fb      0x149 C:\Users\alex1104\Desktop\SEIS742\Project\workspace\FreeRTOS_Library\Debug\libFreeRTOS_Library.a(queue.o)
 .debug_pubnames
                0x00000944      0x28b C:\Users\alex1104\Desktop\SEIS742\Project\workspace\FreeRTOS_Library\Debug\libFreeRTOS_Library.a(tasks.o)
 .debug_pubnames
                0x00000bcf       0x64 C:\Users\alex1104\Desktop\SEIS742\Project\workspace\FreeRTOS_Library\Debug\libFreeRTOS_Library.a(heap_2.o)
 .debug_pubnames
                0x00000c33      0x10d C:\Users\alex1104\Desktop\SEIS742\Project\workspace\FreeRTOS_Library\Debug\libFreeRTOS_Library.a(port.o)
 .debug_pubnames
                0x00000d40       0x71 C:\Users\alex1104\Desktop\SEIS742\Project\workspace\FreeRTOS_Library\Debug\libFreeRTOS_Library.a(list.o)

.debug_pubtypes
                0x00000000      0x59d
 .debug_pubtypes
                0x00000000       0x26 ./circular_buffer.o
 .debug_pubtypes
                0x00000026       0x12 ./cr_startup_lpc17.o
 .debug_pubtypes
                0x00000038       0xcc ./main.o
 .debug_pubtypes
                0x00000104       0x12 ./mtk_nmea.o
 .debug_pubtypes
                0x00000116       0x9c ./nmea.o
 .debug_pubtypes
                0x000001b2       0xe0 ./uart.o
 .debug_pubtypes
                0x00000292       0x32 C:\Users\alex1104\Desktop\SEIS742\Project\workspace\CMSISv1p30_LPC17xx\Debug\libCMSISv1p30_LPC17xx.a(system_LPC17xx.o)
 .debug_pubtypes
                0x000002c4       0xd4 C:\Users\alex1104\Desktop\SEIS742\Project\workspace\FreeRTOS_Library\Debug\libFreeRTOS_Library.a(queue.o)
 .debug_pubtypes
                0x00000398      0x10c C:\Users\alex1104\Desktop\SEIS742\Project\workspace\FreeRTOS_Library\Debug\libFreeRTOS_Library.a(tasks.o)
 .debug_pubtypes
                0x000004a4       0x4c C:\Users\alex1104\Desktop\SEIS742\Project\workspace\FreeRTOS_Library\Debug\libFreeRTOS_Library.a(heap_2.o)
 .debug_pubtypes
                0x000004f0       0x33 C:\Users\alex1104\Desktop\SEIS742\Project\workspace\FreeRTOS_Library\Debug\libFreeRTOS_Library.a(port.o)
 .debug_pubtypes
                0x00000523       0x7a C:\Users\alex1104\Desktop\SEIS742\Project\workspace\FreeRTOS_Library\Debug\libFreeRTOS_Library.a(list.o)

.debug_aranges  0x00000000      0x3d0
 .debug_aranges
                0x00000000       0x38 ./circular_buffer.o
 .debug_aranges
                0x00000038       0x70 ./cr_startup_lpc17.o
 .debug_aranges
                0x000000a8       0x90 ./main.o
 .debug_aranges
                0x00000138       0xd0 ./mtk_nmea.o
 .debug_aranges
                0x00000208       0xc0 ./nmea.o
 .debug_aranges
                0x000002c8       0x40 ./uart.o
 .debug_aranges
                0x00000308       0x28 C:\Users\alex1104\Desktop\SEIS742\Project\workspace\CMSISv1p30_LPC17xx\Debug\libCMSISv1p30_LPC17xx.a(system_LPC17xx.o)
 .debug_aranges
                0x00000330       0x20 C:\Users\alex1104\Desktop\SEIS742\Project\workspace\FreeRTOS_Library\Debug\libFreeRTOS_Library.a(queue.o)
 .debug_aranges
                0x00000350       0x20 C:\Users\alex1104\Desktop\SEIS742\Project\workspace\FreeRTOS_Library\Debug\libFreeRTOS_Library.a(tasks.o)
 .debug_aranges
                0x00000370       0x20 C:\Users\alex1104\Desktop\SEIS742\Project\workspace\FreeRTOS_Library\Debug\libFreeRTOS_Library.a(heap_2.o)
 .debug_aranges
                0x00000390       0x20 C:\Users\alex1104\Desktop\SEIS742\Project\workspace\FreeRTOS_Library\Debug\libFreeRTOS_Library.a(port.o)
 .debug_aranges
                0x000003b0       0x20 C:\Users\alex1104\Desktop\SEIS742\Project\workspace\FreeRTOS_Library\Debug\libFreeRTOS_Library.a(list.o)

.debug_ranges   0x00000000      0x350
 .debug_ranges  0x00000000       0x28 ./circular_buffer.o
 .debug_ranges  0x00000028       0x60 ./cr_startup_lpc17.o
 .debug_ranges  0x00000088       0xa0 ./main.o
 .debug_ranges  0x00000128       0xc0 ./mtk_nmea.o
 .debug_ranges  0x000001e8       0xb0 ./nmea.o
 .debug_ranges  0x00000298       0x30 ./uart.o
 .debug_ranges  0x000002c8       0x18 C:\Users\alex1104\Desktop\SEIS742\Project\workspace\CMSISv1p30_LPC17xx\Debug\libCMSISv1p30_LPC17xx.a(system_LPC17xx.o)
 .debug_ranges  0x000002e0       0x70 C:\Users\alex1104\Desktop\SEIS742\Project\workspace\FreeRTOS_Library\Debug\libFreeRTOS_Library.a(tasks.o)

.debug_str      0x00000000     0x23d0
 .debug_str     0x00000000      0x134 ./circular_buffer.o
                                0x15e (size before relaxing)
 .debug_str     0x00000134      0x10f ./cr_startup_lpc17.o
                                0x1cf (size before relaxing)
 .debug_str     0x00000243      0x475 ./main.o
                                0x595 (size before relaxing)
 .debug_str     0x000006b8      0x265 ./mtk_nmea.o
                                0x320 (size before relaxing)
 .debug_str     0x0000091d      0x781 ./nmea.o
                                0xa7c (size before relaxing)
 .debug_str     0x0000109e      0x56c ./uart.o
                                0x740 (size before relaxing)
 .debug_str     0x0000160a       0x86 C:\Users\alex1104\Desktop\SEIS742\Project\workspace\CMSISv1p30_LPC17xx\Debug\libCMSISv1p30_LPC17xx.a(system_LPC17xx.o)
                                0x27b (size before relaxing)
 .debug_str     0x00001690      0x415 C:\Users\alex1104\Desktop\SEIS742\Project\workspace\FreeRTOS_Library\Debug\libFreeRTOS_Library.a(queue.o)
                                0x4f7 (size before relaxing)
 .debug_str     0x00001aa5      0x62f C:\Users\alex1104\Desktop\SEIS742\Project\workspace\FreeRTOS_Library\Debug\libFreeRTOS_Library.a(tasks.o)
                                0x890 (size before relaxing)
 .debug_str     0x000020d4      0x150 C:\Users\alex1104\Desktop\SEIS742\Project\workspace\FreeRTOS_Library\Debug\libFreeRTOS_Library.a(heap_2.o)
                                0x263 (size before relaxing)
 .debug_str     0x00002224      0x11a C:\Users\alex1104\Desktop\SEIS742\Project\workspace\FreeRTOS_Library\Debug\libFreeRTOS_Library.a(port.o)
                                0x23c (size before relaxing)
 .debug_str     0x0000233e       0x92 C:\Users\alex1104\Desktop\SEIS742\Project\workspace\FreeRTOS_Library\Debug\libFreeRTOS_Library.a(list.o)
                                0x22a (size before relaxing)

.comment        0x00000000       0x2a
 .comment       0x00000000       0x2a ./circular_buffer.o
                                 0x2b (size before relaxing)
 .comment       0x00000000       0x2b ./cr_startup_lpc17.o
 .comment       0x00000000       0x2b ./main.o
 .comment       0x00000000       0x2b ./mtk_nmea.o
 .comment       0x00000000       0x2b ./nmea.o
 .comment       0x00000000       0x2b ./uart.o
 .comment       0x00000000       0x2b C:\Users\alex1104\Desktop\SEIS742\Project\workspace\CMSISv1p30_LPC17xx\Debug\libCMSISv1p30_LPC17xx.a(system_LPC17xx.o)
 .comment       0x00000000       0x2b C:\Users\alex1104\Desktop\SEIS742\Project\workspace\FreeRTOS_Library\Debug\libFreeRTOS_Library.a(queue.o)
 .comment       0x00000000       0x2b C:\Users\alex1104\Desktop\SEIS742\Project\workspace\FreeRTOS_Library\Debug\libFreeRTOS_Library.a(tasks.o)
 .comment       0x00000000       0x2b C:\Users\alex1104\Desktop\SEIS742\Project\workspace\FreeRTOS_Library\Debug\libFreeRTOS_Library.a(heap_2.o)
 .comment       0x00000000       0x2b C:\Users\alex1104\Desktop\SEIS742\Project\workspace\FreeRTOS_Library\Debug\libFreeRTOS_Library.a(port.o)
 .comment       0x00000000       0x2b C:\Users\alex1104\Desktop\SEIS742\Project\workspace\FreeRTOS_Library\Debug\libFreeRTOS_Library.a(list.o)
 .comment       0x00000000       0x2b c:/nxp/lpcxpresso_4.1.5_219/lpcxpresso/tools/bin/../lib/gcc/arm-none-eabi/4.5.1/../../../../arm-none-eabi/lib/thumb2\libcr_semihost.a(_cr__main.o)
 .comment       0x00000000       0x2b c:/nxp/lpcxpresso_4.1.5_219/lpcxpresso/tools/bin/../lib/gcc/arm-none-eabi/4.5.1/../../../../arm-none-eabi/lib/thumb2\libcr_c.a(alloc.o)
 .comment       0x00000000       0x2b c:/nxp/lpcxpresso_4.1.5_219/lpcxpresso/tools/bin/../lib/gcc/arm-none-eabi/4.5.1/../../../../arm-none-eabi/lib/thumb2\libcr_c.a(fpprintf.o)
 .comment       0x00000000       0x2b c:/nxp/lpcxpresso_4.1.5_219/lpcxpresso/tools/bin/../lib/gcc/arm-none-eabi/4.5.1/../../../../arm-none-eabi/lib/thumb2\libcr_c.a(initio.o)
 .comment       0x00000000       0x2b c:/nxp/lpcxpresso_4.1.5_219/lpcxpresso/tools/bin/../lib/gcc/arm-none-eabi/4.5.1/../../../../arm-none-eabi/lib/thumb2\libcr_c.a(memcmp.o)
 .comment       0x00000000       0x2b c:/nxp/lpcxpresso_4.1.5_219/lpcxpresso/tools/bin/../lib/gcc/arm-none-eabi/4.5.1/../../../../arm-none-eabi/lib/thumb2\libcr_c.a(printf.o)
 .comment       0x00000000       0x2b c:/nxp/lpcxpresso_4.1.5_219/lpcxpresso/tools/bin/../lib/gcc/arm-none-eabi/4.5.1/../../../../arm-none-eabi/lib/thumb2\libcr_c.a(scanf.o)
 .comment       0x00000000       0x2b c:/nxp/lpcxpresso_4.1.5_219/lpcxpresso/tools/bin/../lib/gcc/arm-none-eabi/4.5.1/../../../../arm-none-eabi/lib/thumb2\libcr_c.a(setvbuf.o)
 .comment       0x00000000       0x2b c:/nxp/lpcxpresso_4.1.5_219/lpcxpresso/tools/bin/../lib/gcc/arm-none-eabi/4.5.1/../../../../arm-none-eabi/lib/thumb2\libcr_c.a(stdio.o)
 .comment       0x00000000       0x2b c:/nxp/lpcxpresso_4.1.5_219/lpcxpresso/tools/bin/../lib/gcc/arm-none-eabi/4.5.1/../../../../arm-none-eabi/lib/thumb2\libcr_c.a(strlen.o)
 .comment       0x00000000       0x2b c:/nxp/lpcxpresso_4.1.5_219/lpcxpresso/tools/bin/../lib/gcc/arm-none-eabi/4.5.1/../../../../arm-none-eabi/lib/thumb2\libcr_c.a(strncmp.o)
 .comment       0x00000000       0x2b c:/nxp/lpcxpresso_4.1.5_219/lpcxpresso/tools/bin/../lib/gcc/arm-none-eabi/4.5.1/../../../../arm-none-eabi/lib/thumb2\libcr_c.a(strncpy.o)
 .comment       0x00000000       0x2b c:/nxp/lpcxpresso_4.1.5_219/lpcxpresso/tools/bin/../lib/gcc/arm-none-eabi/4.5.1/../../../../arm-none-eabi/lib/thumb2\libcr_c.a(strtok.o)
 .comment       0x00000000       0x2b c:/nxp/lpcxpresso_4.1.5_219/lpcxpresso/tools/bin/../lib/gcc/arm-none-eabi/4.5.1/../../../../arm-none-eabi/lib/thumb2\libcr_c.a(ungetc.o)
 .comment       0x00000000       0x2b c:/nxp/lpcxpresso_4.1.5_219/lpcxpresso/tools/bin/../lib/gcc/arm-none-eabi/4.5.1/../../../../arm-none-eabi/lib/thumb2\libcr_c.a(memcpy.o)
 .comment       0x00000000       0x2b c:/nxp/lpcxpresso_4.1.5_219/lpcxpresso/tools/bin/../lib/gcc/arm-none-eabi/4.5.1/../../../../arm-none-eabi/lib/thumb2\libcr_c.a(memset.o)
 .comment       0x00000000       0x2b c:/nxp/lpcxpresso_4.1.5_219/lpcxpresso/tools/bin/../lib/gcc/arm-none-eabi/4.5.1/../../../../arm-none-eabi/lib/thumb2\libcr_c.a(__fillbuf.o)
 .comment       0x00000000       0x2b c:/nxp/lpcxpresso_4.1.5_219/lpcxpresso/tools/bin/../lib/gcc/arm-none-eabi/4.5.1/../../../../arm-none-eabi/lib/thumb2\libcr_c.a(__init_alloc.o)
 .comment       0x00000000       0x2b c:/nxp/lpcxpresso_4.1.5_219/lpcxpresso/tools/bin/../lib/gcc/arm-none-eabi/4.5.1/../../../../arm-none-eabi/lib/thumb2\libcr_c.a(_deferredlazyseek.o)
 .comment       0x00000000       0x2b c:/nxp/lpcxpresso_4.1.5_219/lpcxpresso/tools/bin/../lib/gcc/arm-none-eabi/4.5.1/../../../../arm-none-eabi/lib/thumb2\libcr_c.a(_fdopen.o)
 .comment       0x00000000       0x2b c:/nxp/lpcxpresso_4.1.5_219/lpcxpresso/tools/bin/../lib/gcc/arm-none-eabi/4.5.1/../../../../arm-none-eabi/lib/thumb2\libcr_c.a(_fflush.o)
 .comment       0x00000000       0x2b c:/nxp/lpcxpresso_4.1.5_219/lpcxpresso/tools/bin/../lib/gcc/arm-none-eabi/4.5.1/../../../../arm-none-eabi/lib/thumb2\libcr_c.a(_frexpl.o)
 .comment       0x00000000       0x2b c:/nxp/lpcxpresso_4.1.5_219/lpcxpresso/tools/bin/../lib/gcc/arm-none-eabi/4.5.1/../../../../arm-none-eabi/lib/thumb2\libcr_c.a(_hugeval.o)
 .comment       0x00000000       0x2b c:/nxp/lpcxpresso_4.1.5_219/lpcxpresso/tools/bin/../lib/gcc/arm-none-eabi/4.5.1/../../../../arm-none-eabi/lib/thumb2\libcr_c.a(_ldexpl.o)
 .comment       0x00000000       0x2b c:/nxp/lpcxpresso_4.1.5_219/lpcxpresso/tools/bin/../lib/gcc/arm-none-eabi/4.5.1/../../../../arm-none-eabi/lib/thumb2\libcr_c.a(_writebuf.o)
 .comment       0x00000000       0x2b c:/nxp/lpcxpresso_4.1.5_219/lpcxpresso/tools/bin/../lib/gcc/arm-none-eabi/4.5.1/../../../../arm-none-eabi/lib/thumb2\libcr_c.a(ctype.o)
 .comment       0x00000000       0x2b c:/nxp/lpcxpresso_4.1.5_219/lpcxpresso/tools/bin/../lib/gcc/arm-none-eabi/4.5.1/../../../../arm-none-eabi/lib/thumb2\libcr_c.a(errno.o)
 .comment       0x00000000       0x2b c:/nxp/lpcxpresso_4.1.5_219/lpcxpresso/tools/bin/../lib/gcc/arm-none-eabi/4.5.1/../../../../arm-none-eabi/lib/thumb2\libcr_c.a(fclose.o)
 .comment       0x00000000       0x2b c:/nxp/lpcxpresso_4.1.5_219/lpcxpresso/tools/bin/../lib/gcc/arm-none-eabi/4.5.1/../../../../arm-none-eabi/lib/thumb2\libcr_c.a(fflush.o)
 .comment       0x00000000       0x2b c:/nxp/lpcxpresso_4.1.5_219/lpcxpresso/tools/bin/../lib/gcc/arm-none-eabi/4.5.1/../../../../arm-none-eabi/lib/thumb2\libcr_c.a(fseek.o)
 .comment       0x00000000       0x2b c:/nxp/lpcxpresso_4.1.5_219/lpcxpresso/tools/bin/../lib/gcc/arm-none-eabi/4.5.1/../../../../arm-none-eabi/lib/thumb2\libcr_c.a(ftell.o)
 .comment       0x00000000       0x2b c:/nxp/lpcxpresso_4.1.5_219/lpcxpresso/tools/bin/../lib/gcc/arm-none-eabi/4.5.1/../../../../arm-none-eabi/lib/thumb2\libcr_c.a(remove.o)
 .comment       0x00000000       0x2b c:/nxp/lpcxpresso_4.1.5_219/lpcxpresso/tools/bin/../lib/gcc/arm-none-eabi/4.5.1/../../../../arm-none-eabi/lib/thumb2\libcr_c.a(strcspn.o)
 .comment       0x00000000       0x2b c:/nxp/lpcxpresso_4.1.5_219/lpcxpresso/tools/bin/../lib/gcc/arm-none-eabi/4.5.1/../../../../arm-none-eabi/lib/thumb2\libcr_c.a(strspn.o)
 .comment       0x00000000       0x2b c:/nxp/lpcxpresso_4.1.5_219/lpcxpresso/tools/bin/../lib/gcc/arm-none-eabi/4.5.1/../../../../arm-none-eabi/lib/thumb2\libcr_c.a(_do_fflush.o)
 .comment       0x00000000       0x2b c:/nxp/lpcxpresso_4.1.5_219/lpcxpresso/tools/bin/../lib/gcc/arm-none-eabi/4.5.1/thumb2\libcr_eabihelpers.a(double.o)
 .comment       0x00000000       0x2b c:/nxp/lpcxpresso_4.1.5_219/lpcxpresso/tools/bin/../lib/gcc/arm-none-eabi/4.5.1/../../../../arm-none-eabi/lib/thumb2\libcr_semihost.a(_cr_sbrk.o)
 .comment       0x00000000       0x2b c:/nxp/lpcxpresso_4.1.5_219/lpcxpresso/tools/bin/../lib/gcc/arm-none-eabi/4.5.1/../../../../arm-none-eabi/lib/thumb2\libcr_semihost.a(_cr_check_heap.o)

.ARM.attributes
                0x00000000       0x2f
 .ARM.attributes
                0x00000000       0x31 ./circular_buffer.o
 .ARM.attributes
                0x00000031       0x31 ./cr_startup_lpc17.o
 .ARM.attributes
                0x00000062       0x31 ./main.o
 .ARM.attributes
                0x00000093       0x31 ./mtk_nmea.o
 .ARM.attributes
                0x000000c4       0x31 ./nmea.o
 .ARM.attributes
                0x000000f5       0x31 ./uart.o
 .ARM.attributes
                0x00000126       0x31 C:\Users\alex1104\Desktop\SEIS742\Project\workspace\CMSISv1p30_LPC17xx\Debug\libCMSISv1p30_LPC17xx.a(system_LPC17xx.o)
 .ARM.attributes
                0x00000157       0x31 C:\Users\alex1104\Desktop\SEIS742\Project\workspace\FreeRTOS_Library\Debug\libFreeRTOS_Library.a(queue.o)
 .ARM.attributes
                0x00000188       0x31 C:\Users\alex1104\Desktop\SEIS742\Project\workspace\FreeRTOS_Library\Debug\libFreeRTOS_Library.a(tasks.o)
 .ARM.attributes
                0x000001b9       0x31 C:\Users\alex1104\Desktop\SEIS742\Project\workspace\FreeRTOS_Library\Debug\libFreeRTOS_Library.a(heap_2.o)
 .ARM.attributes
                0x000001ea       0x31 C:\Users\alex1104\Desktop\SEIS742\Project\workspace\FreeRTOS_Library\Debug\libFreeRTOS_Library.a(port.o)
 .ARM.attributes
                0x0000021b       0x31 C:\Users\alex1104\Desktop\SEIS742\Project\workspace\FreeRTOS_Library\Debug\libFreeRTOS_Library.a(list.o)
 .ARM.attributes
                0x0000024c       0x31 c:/nxp/lpcxpresso_4.1.5_219/lpcxpresso/tools/bin/../lib/gcc/arm-none-eabi/4.5.1/../../../../arm-none-eabi/lib/thumb2\libcr_semihost.a(_cr__main.o)
 .ARM.attributes
                0x0000027d       0x31 c:/nxp/lpcxpresso_4.1.5_219/lpcxpresso/tools/bin/../lib/gcc/arm-none-eabi/4.5.1/../../../../arm-none-eabi/lib/thumb2\libcr_c.a(alloc.o)
 .ARM.attributes
                0x000002ae       0x31 c:/nxp/lpcxpresso_4.1.5_219/lpcxpresso/tools/bin/../lib/gcc/arm-none-eabi/4.5.1/../../../../arm-none-eabi/lib/thumb2\libcr_c.a(fpprintf.o)
 .ARM.attributes
                0x000002df       0x31 c:/nxp/lpcxpresso_4.1.5_219/lpcxpresso/tools/bin/../lib/gcc/arm-none-eabi/4.5.1/../../../../arm-none-eabi/lib/thumb2\libcr_c.a(initio.o)
 .ARM.attributes
                0x00000310       0x31 c:/nxp/lpcxpresso_4.1.5_219/lpcxpresso/tools/bin/../lib/gcc/arm-none-eabi/4.5.1/../../../../arm-none-eabi/lib/thumb2\libcr_c.a(memcmp.o)
 .ARM.attributes
                0x00000341       0x31 c:/nxp/lpcxpresso_4.1.5_219/lpcxpresso/tools/bin/../lib/gcc/arm-none-eabi/4.5.1/../../../../arm-none-eabi/lib/thumb2\libcr_c.a(printf.o)
 .ARM.attributes
                0x00000372       0x31 c:/nxp/lpcxpresso_4.1.5_219/lpcxpresso/tools/bin/../lib/gcc/arm-none-eabi/4.5.1/../../../../arm-none-eabi/lib/thumb2\libcr_c.a(scanf.o)
 .ARM.attributes
                0x000003a3       0x31 c:/nxp/lpcxpresso_4.1.5_219/lpcxpresso/tools/bin/../lib/gcc/arm-none-eabi/4.5.1/../../../../arm-none-eabi/lib/thumb2\libcr_c.a(setvbuf.o)
 .ARM.attributes
                0x000003d4       0x31 c:/nxp/lpcxpresso_4.1.5_219/lpcxpresso/tools/bin/../lib/gcc/arm-none-eabi/4.5.1/../../../../arm-none-eabi/lib/thumb2\libcr_c.a(stdio.o)
 .ARM.attributes
                0x00000405       0x31 c:/nxp/lpcxpresso_4.1.5_219/lpcxpresso/tools/bin/../lib/gcc/arm-none-eabi/4.5.1/../../../../arm-none-eabi/lib/thumb2\libcr_c.a(strlen.o)
 .ARM.attributes
                0x00000436       0x31 c:/nxp/lpcxpresso_4.1.5_219/lpcxpresso/tools/bin/../lib/gcc/arm-none-eabi/4.5.1/../../../../arm-none-eabi/lib/thumb2\libcr_c.a(strncmp.o)
 .ARM.attributes
                0x00000467       0x31 c:/nxp/lpcxpresso_4.1.5_219/lpcxpresso/tools/bin/../lib/gcc/arm-none-eabi/4.5.1/../../../../arm-none-eabi/lib/thumb2\libcr_c.a(strncpy.o)
 .ARM.attributes
                0x00000498       0x31 c:/nxp/lpcxpresso_4.1.5_219/lpcxpresso/tools/bin/../lib/gcc/arm-none-eabi/4.5.1/../../../../arm-none-eabi/lib/thumb2\libcr_c.a(strtok.o)
 .ARM.attributes
                0x000004c9       0x31 c:/nxp/lpcxpresso_4.1.5_219/lpcxpresso/tools/bin/../lib/gcc/arm-none-eabi/4.5.1/../../../../arm-none-eabi/lib/thumb2\libcr_c.a(ungetc.o)
 .ARM.attributes
                0x000004fa       0x31 c:/nxp/lpcxpresso_4.1.5_219/lpcxpresso/tools/bin/../lib/gcc/arm-none-eabi/4.5.1/../../../../arm-none-eabi/lib/thumb2\libcr_c.a(memcpy.o)
 .ARM.attributes
                0x0000052b       0x31 c:/nxp/lpcxpresso_4.1.5_219/lpcxpresso/tools/bin/../lib/gcc/arm-none-eabi/4.5.1/../../../../arm-none-eabi/lib/thumb2\libcr_c.a(memset.o)
 .ARM.attributes
                0x0000055c       0x31 c:/nxp/lpcxpresso_4.1.5_219/lpcxpresso/tools/bin/../lib/gcc/arm-none-eabi/4.5.1/../../../../arm-none-eabi/lib/thumb2\libcr_c.a(__fillbuf.o)
 .ARM.attributes
                0x0000058d       0x31 c:/nxp/lpcxpresso_4.1.5_219/lpcxpresso/tools/bin/../lib/gcc/arm-none-eabi/4.5.1/../../../../arm-none-eabi/lib/thumb2\libcr_c.a(__init_alloc.o)
 .ARM.attributes
                0x000005be       0x31 c:/nxp/lpcxpresso_4.1.5_219/lpcxpresso/tools/bin/../lib/gcc/arm-none-eabi/4.5.1/../../../../arm-none-eabi/lib/thumb2\libcr_c.a(_deferredlazyseek.o)
 .ARM.attributes
                0x000005ef       0x31 c:/nxp/lpcxpresso_4.1.5_219/lpcxpresso/tools/bin/../lib/gcc/arm-none-eabi/4.5.1/../../../../arm-none-eabi/lib/thumb2\libcr_c.a(_fdopen.o)
 .ARM.attributes
                0x00000620       0x31 c:/nxp/lpcxpresso_4.1.5_219/lpcxpresso/tools/bin/../lib/gcc/arm-none-eabi/4.5.1/../../../../arm-none-eabi/lib/thumb2\libcr_c.a(_fflush.o)
 .ARM.attributes
                0x00000651       0x31 c:/nxp/lpcxpresso_4.1.5_219/lpcxpresso/tools/bin/../lib/gcc/arm-none-eabi/4.5.1/../../../../arm-none-eabi/lib/thumb2\libcr_c.a(_frexpl.o)
 .ARM.attributes
                0x00000682       0x31 c:/nxp/lpcxpresso_4.1.5_219/lpcxpresso/tools/bin/../lib/gcc/arm-none-eabi/4.5.1/../../../../arm-none-eabi/lib/thumb2\libcr_c.a(_hugeval.o)
 .ARM.attributes
                0x000006b3       0x31 c:/nxp/lpcxpresso_4.1.5_219/lpcxpresso/tools/bin/../lib/gcc/arm-none-eabi/4.5.1/../../../../arm-none-eabi/lib/thumb2\libcr_c.a(_ldexpl.o)
 .ARM.attributes
                0x000006e4       0x31 c:/nxp/lpcxpresso_4.1.5_219/lpcxpresso/tools/bin/../lib/gcc/arm-none-eabi/4.5.1/../../../../arm-none-eabi/lib/thumb2\libcr_c.a(_writebuf.o)
 .ARM.attributes
                0x00000715       0x31 c:/nxp/lpcxpresso_4.1.5_219/lpcxpresso/tools/bin/../lib/gcc/arm-none-eabi/4.5.1/../../../../arm-none-eabi/lib/thumb2\libcr_c.a(ctype.o)
 .ARM.attributes
                0x00000746       0x31 c:/nxp/lpcxpresso_4.1.5_219/lpcxpresso/tools/bin/../lib/gcc/arm-none-eabi/4.5.1/../../../../arm-none-eabi/lib/thumb2\libcr_c.a(errno.o)
 .ARM.attributes
                0x00000777       0x31 c:/nxp/lpcxpresso_4.1.5_219/lpcxpresso/tools/bin/../lib/gcc/arm-none-eabi/4.5.1/../../../../arm-none-eabi/lib/thumb2\libcr_c.a(fclose.o)
 .ARM.attributes
                0x000007a8       0x31 c:/nxp/lpcxpresso_4.1.5_219/lpcxpresso/tools/bin/../lib/gcc/arm-none-eabi/4.5.1/../../../../arm-none-eabi/lib/thumb2\libcr_c.a(fflush.o)
 .ARM.attributes
                0x000007d9       0x31 c:/nxp/lpcxpresso_4.1.5_219/lpcxpresso/tools/bin/../lib/gcc/arm-none-eabi/4.5.1/../../../../arm-none-eabi/lib/thumb2\libcr_c.a(fseek.o)
 .ARM.attributes
                0x0000080a       0x31 c:/nxp/lpcxpresso_4.1.5_219/lpcxpresso/tools/bin/../lib/gcc/arm-none-eabi/4.5.1/../../../../arm-none-eabi/lib/thumb2\libcr_c.a(ftell.o)
 .ARM.attributes
                0x0000083b       0x31 c:/nxp/lpcxpresso_4.1.5_219/lpcxpresso/tools/bin/../lib/gcc/arm-none-eabi/4.5.1/../../../../arm-none-eabi/lib/thumb2\libcr_c.a(remove.o)
 .ARM.attributes
                0x0000086c       0x31 c:/nxp/lpcxpresso_4.1.5_219/lpcxpresso/tools/bin/../lib/gcc/arm-none-eabi/4.5.1/../../../../arm-none-eabi/lib/thumb2\libcr_c.a(strcspn.o)
 .ARM.attributes
                0x0000089d       0x31 c:/nxp/lpcxpresso_4.1.5_219/lpcxpresso/tools/bin/../lib/gcc/arm-none-eabi/4.5.1/../../../../arm-none-eabi/lib/thumb2\libcr_c.a(strspn.o)
 .ARM.attributes
                0x000008ce       0x31 c:/nxp/lpcxpresso_4.1.5_219/lpcxpresso/tools/bin/../lib/gcc/arm-none-eabi/4.5.1/../../../../arm-none-eabi/lib/thumb2\libcr_c.a(_do_fflush.o)
 .ARM.attributes
                0x000008ff       0x21 c:/nxp/lpcxpresso_4.1.5_219/lpcxpresso/tools/bin/../lib/gcc/arm-none-eabi/4.5.1/thumb2\libcr_eabihelpers.a(division.o)
 .ARM.attributes
                0x00000920       0x31 c:/nxp/lpcxpresso_4.1.5_219/lpcxpresso/tools/bin/../lib/gcc/arm-none-eabi/4.5.1/thumb2\libcr_eabihelpers.a(double.o)
 .ARM.attributes
                0x00000951       0x21 c:/nxp/lpcxpresso_4.1.5_219/lpcxpresso/tools/bin/../lib/gcc/arm-none-eabi/4.5.1/thumb2\libcr_eabihelpers.a(memcpy.o)
 .ARM.attributes
                0x00000972       0x21 c:/nxp/lpcxpresso_4.1.5_219/lpcxpresso/tools/bin/../lib/gcc/arm-none-eabi/4.5.1/../../../../arm-none-eabi/lib/thumb2\libcr_semihost.a(__sys_appexit.o)
 .ARM.attributes
                0x00000993       0x21 c:/nxp/lpcxpresso_4.1.5_219/lpcxpresso/tools/bin/../lib/gcc/arm-none-eabi/4.5.1/../../../../arm-none-eabi/lib/thumb2\libcr_semihost.a(__sys_close.o)
 .ARM.attributes
                0x000009b4       0x21 c:/nxp/lpcxpresso_4.1.5_219/lpcxpresso/tools/bin/../lib/gcc/arm-none-eabi/4.5.1/../../../../arm-none-eabi/lib/thumb2\libcr_semihost.a(__sys_flen.o)
 .ARM.attributes
                0x000009d5       0x21 c:/nxp/lpcxpresso_4.1.5_219/lpcxpresso/tools/bin/../lib/gcc/arm-none-eabi/4.5.1/../../../../arm-none-eabi/lib/thumb2\libcr_semihost.a(__sys_istty.o)
 .ARM.attributes
                0x000009f6       0x21 c:/nxp/lpcxpresso_4.1.5_219/lpcxpresso/tools/bin/../lib/gcc/arm-none-eabi/4.5.1/../../../../arm-none-eabi/lib/thumb2\libcr_semihost.a(__sys_read.o)
 .ARM.attributes
                0x00000a17       0x21 c:/nxp/lpcxpresso_4.1.5_219/lpcxpresso/tools/bin/../lib/gcc/arm-none-eabi/4.5.1/../../../../arm-none-eabi/lib/thumb2\libcr_semihost.a(__sys_readc.o)
 .ARM.attributes
                0x00000a38       0x21 c:/nxp/lpcxpresso_4.1.5_219/lpcxpresso/tools/bin/../lib/gcc/arm-none-eabi/4.5.1/../../../../arm-none-eabi/lib/thumb2\libcr_semihost.a(__sys_remove.o)
 .ARM.attributes
                0x00000a59       0x21 c:/nxp/lpcxpresso_4.1.5_219/lpcxpresso/tools/bin/../lib/gcc/arm-none-eabi/4.5.1/../../../../arm-none-eabi/lib/thumb2\libcr_semihost.a(__sys_rename.o)
 .ARM.attributes
                0x00000a7a       0x21 c:/nxp/lpcxpresso_4.1.5_219/lpcxpresso/tools/bin/../lib/gcc/arm-none-eabi/4.5.1/../../../../arm-none-eabi/lib/thumb2\libcr_semihost.a(__sys_seek.o)
 .ARM.attributes
                0x00000a9b       0x21 c:/nxp/lpcxpresso_4.1.5_219/lpcxpresso/tools/bin/../lib/gcc/arm-none-eabi/4.5.1/../../../../arm-none-eabi/lib/thumb2\libcr_semihost.a(__sys_tmpnam.o)
 .ARM.attributes
                0x00000abc       0x21 c:/nxp/lpcxpresso_4.1.5_219/lpcxpresso/tools/bin/../lib/gcc/arm-none-eabi/4.5.1/../../../../arm-none-eabi/lib/thumb2\libcr_semihost.a(__sys_write.o)
 .ARM.attributes
                0x00000add       0x31 c:/nxp/lpcxpresso_4.1.5_219/lpcxpresso/tools/bin/../lib/gcc/arm-none-eabi/4.5.1/../../../../arm-none-eabi/lib/thumb2\libcr_semihost.a(_cr_sbrk.o)
 .ARM.attributes
                0x00000b0e       0x31 c:/nxp/lpcxpresso_4.1.5_219/lpcxpresso/tools/bin/../lib/gcc/arm-none-eabi/4.5.1/../../../../arm-none-eabi/lib/thumb2\libcr_semihost.a(_cr_check_heap.o)

.debug_frame    0x00000000     0x1018
 .debug_frame   0x00000000       0x84 ./circular_buffer.o
 .debug_frame   0x00000084      0x120 ./cr_startup_lpc17.o
 .debug_frame   0x000001a4      0x1e4 ./main.o
 .debug_frame   0x00000388      0x2ec ./mtk_nmea.o
 .debug_frame   0x00000674      0x2ac ./nmea.o
 .debug_frame   0x00000920       0xa8 ./uart.o
 .debug_frame   0x000009c8       0x48 C:\Users\alex1104\Desktop\SEIS742\Project\workspace\CMSISv1p30_LPC17xx\Debug\libCMSISv1p30_LPC17xx.a(system_LPC17xx.o)
 .debug_frame   0x00000a10      0x19c C:\Users\alex1104\Desktop\SEIS742\Project\workspace\FreeRTOS_Library\Debug\libFreeRTOS_Library.a(queue.o)
 .debug_frame   0x00000bac      0x2d4 C:\Users\alex1104\Desktop\SEIS742\Project\workspace\FreeRTOS_Library\Debug\libFreeRTOS_Library.a(tasks.o)
 .debug_frame   0x00000e80       0x68 C:\Users\alex1104\Desktop\SEIS742\Project\workspace\FreeRTOS_Library\Debug\libFreeRTOS_Library.a(heap_2.o)
 .debug_frame   0x00000ee8       0xc8 C:\Users\alex1104\Desktop\SEIS742\Project\workspace\FreeRTOS_Library\Debug\libFreeRTOS_Library.a(port.o)
 .debug_frame   0x00000fb0       0x68 C:\Users\alex1104\Desktop\SEIS742\Project\workspace\FreeRTOS_Library\Debug\libFreeRTOS_Library.a(list.o)
